F401 [*] `pathlib.Path` imported but unused
 --> tests/test_native_default_auto_scope_admission.py:6:21
  |
5 | import ast
6 | from pathlib import Path
  |                     ^^^^
7 | from types import SimpleNamespace
  |
help: Remove unused import: `pathlib.Path`

N818 Exception name `EndOfScopedWitness` should be named with an Error suffix
  --> tests/test_native_default_auto_scope_admission.py:37:11
   |
35 |     events = []
36 |
37 |     class EndOfScopedWitness(Exception):
   |           ^^^^^^^^^^^^^^^^^^
38 |         pass
   |

Found 2 errors.
[*] 1 fixable with the `--fix` option.
